#
# There is insufficient memory for the Java Runtime Environment to continue.
# Native memory allocation (malloc) failed to allocate 1243984 bytes for Chunk::new
# Possible reasons:
#   The system is out of physical RAM or swap space
#   The process is running with CompressedOops enabled, and the Java Heap may be blocking the growth of the native heap
# Possible solutions:
#   Reduce memory load on the system
#   Increase physical memory or swap space
#   Check if swap backing store is full
#   Decrease Java heap size (-Xmx/-Xms)
#   Decrease number of Java threads
#   Decrease Java thread stack sizes (-Xss)
#   Set larger code cache with -XX:ReservedCodeCacheSize=
#   JVM is running with Unscaled Compressed Oops mode in which the Java heap is
#     placed in the first 4GB address space. The Java Heap base address is the
#     maximum limit for the native heap growth. Please use -XX:HeapBaseMinAddress
#     to set the Java Heap base and to place the Java Heap above 4GB virtual address.
# This output file may be truncated or incomplete.
#
#  Out of Memory Error (arena.cpp:189), pid=15296, tid=23708
#
# JRE version: Java(TM) SE Runtime Environment (17.0.6+9) (build 17.0.6+9-LTS-190)
# Java VM: Java HotSpot(TM) 64-Bit Server VM (17.0.6+9-LTS-190, mixed mode, sharing, tiered, compressed oops, compressed class ptrs, g1 gc, windows-amd64)
# No core dump will be written. Minidumps are not enabled by default on client versions of Windows
#

---------------  S U M M A R Y ------------

Command Line: -javaagent:C:\Users\User\AppData\Local\Programs\IntelliJ IDEA Community Edition\lib\idea_rt.jar=51846:C:\Users\User\AppData\Local\Programs\IntelliJ IDEA Community Edition\bin -Dfile.encoding=UTF-8 com.project.attendance.system.AttendanceSystemApplication

Host: Intel(R) Core(TM) i5-8350U CPU @ 1.70GHz, 8 cores, 7G,  Windows 10 , 64 bit Build 19041 (10.0.19041.5915)
Time: Fri Dec 12 17:17:48 2025 W. Central Africa Standard Time elapsed time: 16.668969 seconds (0d 0h 0m 16s)

---------------  T H R E A D  ---------------

Current thread (0x00000263ed80ac90):  JavaThread "C2 CompilerThread1" daemon [_thread_in_native, id=23708, stack(0x000000a772200000,0x000000a772300000)]


Current CompileTask:
C2:  16669 6210       4       org.springframework.core.annotation.TypeMappedAnnotations$IsPresent::doWithAnnotations (10 bytes)

Stack: [0x000000a772200000,0x000000a772300000]
Native frames: (J=compiled Java code, j=interpreted, Vv=VM code, C=native code)
V  [jvm.dll+0x6734ea]
V  [jvm.dll+0x7d18f4]
V  [jvm.dll+0x7d309e]
V  [jvm.dll+0x7d3703]
V  [jvm.dll+0x2433c5]
V  [jvm.dll+0xaa46b]
V  [jvm.dll+0xaaa0c]
V  [jvm.dll+0x35eb2e]
V  [jvm.dll+0x1b986a]
V  [jvm.dll+0x215f37]
V  [jvm.dll+0x215211]
V  [jvm.dll+0x1a1730]
V  [jvm.dll+0x224b6e]
V  [jvm.dll+0x222f15]
V  [jvm.dll+0x78753c]
V  [jvm.dll+0x781a7a]
V  [jvm.dll+0x672375]
C  [ucrtbase.dll+0x21bb2]
C  [KERNEL32.DLL+0x17374]
C  [ntdll.dll+0x4cc91]


---------------  P R O C E S S  ---------------

Threads class SMR info:
_java_thread_list=0x00000263f1c23700, length=22, elements={
0x00000263cd6a20e0, 0x00000263eb4a1ed0, 0x00000263eb4a2b40, 0x00000263eb4b5f60,
0x00000263eb4b6910, 0x00000263eb4b72c0, 0x00000263eb4b7c70, 0x00000263eb4c4470,
0x00000263eb4c8f20, 0x00000263eb4cbd20, 0x00000263eb48d9e0, 0x00000263ec3a7890,
0x00000263ec167660, 0x00000263ec907320, 0x00000263ecde9020, 0x00000263ee44f1c0,
0x00000263ee451d10, 0x00000263ee4521e0, 0x00000263ed80ac90, 0x00000263ee4526b0,
0x00000263ee44fb60, 0x00000263ee451370
}

Java Threads: ( => current thread )
  0x00000263cd6a20e0 JavaThread "main" [_thread_blocked, id=5736, stack(0x000000a770000000,0x000000a770100000)]
  0x00000263eb4a1ed0 JavaThread "Reference Handler" daemon [_thread_blocked, id=13216, stack(0x000000a770700000,0x000000a770800000)]
  0x00000263eb4a2b40 JavaThread "Finalizer" daemon [_thread_blocked, id=12896, stack(0x000000a770800000,0x000000a770900000)]
  0x00000263eb4b5f60 JavaThread "Signal Dispatcher" daemon [_thread_blocked, id=22460, stack(0x000000a770900000,0x000000a770a00000)]
  0x00000263eb4b6910 JavaThread "Attach Listener" daemon [_thread_blocked, id=22424, stack(0x000000a770a00000,0x000000a770b00000)]
  0x00000263eb4b72c0 JavaThread "Service Thread" daemon [_thread_blocked, id=23612, stack(0x000000a770b00000,0x000000a770c00000)]
  0x00000263eb4b7c70 JavaThread "Monitor Deflation Thread" daemon [_thread_blocked, id=12000, stack(0x000000a770c00000,0x000000a770d00000)]
  0x00000263eb4c4470 JavaThread "C2 CompilerThread0" daemon [_thread_in_vm, id=17700, stack(0x000000a770d00000,0x000000a770e00000)]
  0x00000263eb4c8f20 JavaThread "C1 CompilerThread0" daemon [_thread_blocked, id=13576, stack(0x000000a770e00000,0x000000a770f00000)]
  0x00000263eb4cbd20 JavaThread "Sweeper thread" daemon [_thread_blocked, id=20792, stack(0x000000a770f00000,0x000000a771000000)]
  0x00000263eb48d9e0 JavaThread "Common-Cleaner" daemon [_thread_blocked, id=22192, stack(0x000000a771000000,0x000000a771100000)]
  0x00000263ec3a7890 JavaThread "Monitor Ctrl-Break" daemon [_thread_in_native, id=17304, stack(0x000000a771200000,0x000000a771300000)]
  0x00000263ec167660 JavaThread "Notification Thread" daemon [_thread_blocked, id=20628, stack(0x000000a771300000,0x000000a771400000)]
  0x00000263ec907320 JavaThread "Thread-0" [_thread_blocked, id=1384, stack(0x000000a771500000,0x000000a771600000)]
  0x00000263ecde9020 JavaThread "restartedMain" [_thread_in_Java, id=12520, stack(0x000000a771600000,0x000000a771700000)]
  0x00000263ee44f1c0 JavaThread "mysql-cj-abandoned-connection-cleanup" daemon [_thread_blocked, id=5744, stack(0x000000a771c00000,0x000000a771d00000)]
  0x00000263ee451d10 JavaThread "HikariPool-1:housekeeper" daemon [_thread_blocked, id=8608, stack(0x000000a772100000,0x000000a772200000)]
  0x00000263ee4521e0 JavaThread "HikariPool-1:connection-adder" daemon [_thread_blocked, id=19996, stack(0x000000a771100000,0x000000a771200000)]
=>0x00000263ed80ac90 JavaThread "C2 CompilerThread1" daemon [_thread_in_native, id=23708, stack(0x000000a772200000,0x000000a772300000)]
  0x00000263ee4526b0 JavaThread "Catalina-utility-1" [_thread_blocked, id=22664, stack(0x000000a772300000,0x000000a772400000)]
  0x00000263ee44fb60 JavaThread "Catalina-utility-2" [_thread_blocked, id=11496, stack(0x000000a772400000,0x000000a772500000)]
  0x00000263ee451370 JavaThread "container-0" [_thread_blocked, id=16172, stack(0x000000a772500000,0x000000a772600000)]

Other Threads:
  0x00000263eb49afc0 VMThread "VM Thread" [stack: 0x000000a770600000,0x000000a770700000] [id=6968]
  0x00000263cd71eac0 WatcherThread [stack: 0x000000a771400000,0x000000a771500000] [id=11520]
  0x00000263cd6fa140 GCTaskThread "GC Thread#0" [stack: 0x000000a770100000,0x000000a770200000] [id=2556]
  0x00000263ec9a92e0 GCTaskThread "GC Thread#1" [stack: 0x000000a771700000,0x000000a771800000] [id=22764]
  0x00000263ec9a9590 GCTaskThread "GC Thread#2" [stack: 0x000000a771800000,0x000000a771900000] [id=5352]
  0x00000263ec9a9840 GCTaskThread "GC Thread#3" [stack: 0x000000a771900000,0x000000a771a00000] [id=11468]
  0x00000263ec9a9af0 GCTaskThread "GC Thread#4" [stack: 0x000000a771a00000,0x000000a771b00000] [id=14528]
  0x00000263eccc5d20 GCTaskThread "GC Thread#5" [stack: 0x000000a771b00000,0x000000a771c00000] [id=19776]
  0x00000263edba7d30 GCTaskThread "GC Thread#6" [stack: 0x000000a771e00000,0x000000a771f00000] [id=19276]
  0x00000263ecf814a0 GCTaskThread "GC Thread#7" [stack: 0x000000a771f00000,0x000000a772000000] [id=17016]
  0x00000263cd70a340 ConcurrentGCThread "G1 Main Marker" [stack: 0x000000a770200000,0x000000a770300000] [id=15148]
  0x00000263cd70b3f0 ConcurrentGCThread "G1 Conc#0" [stack: 0x000000a770300000,0x000000a770400000] [id=20428]
  0x00000263ed5fcea0 ConcurrentGCThread "G1 Conc#1" [stack: 0x000000a772000000,0x000000a772100000] [id=20364]
  0x00000263eb3624b0 ConcurrentGCThread "G1 Refine#0" [stack: 0x000000a770400000,0x000000a770500000] [id=16692]
  0x00000263cd766ef0 ConcurrentGCThread "G1 Service" [stack: 0x000000a770500000,0x000000a770600000] [id=11580]

Threads with active compile tasks:
C2 CompilerThread0    16731 6203       4       org.springframework.core.BridgeMethodResolver::resolveBridgeMethod (180 bytes)
C2 CompilerThread1    16731 6210       4       org.springframework.core.annotation.TypeMappedAnnotations$IsPresent::doWithAnnotations (10 bytes)

VM state: not at safepoint (normal execution)

VM Mutex/Monitor currently owned by a thread: None

Heap address: 0x0000000086200000, size: 1950 MB, Compressed Oops mode: 32-bit

CDS archive(s) mapped at: [0x0000000800000000-0x0000000800bd0000-0x0000000800bd0000), size 12386304, SharedBaseAddress: 0x0000000800000000, ArchiveRelocationMode: 0.
Compressed class space mapped at: 0x0000000800c00000-0x0000000840c00000, reserved size: 1073741824
Narrow klass base: 0x0000000800000000, Narrow klass shift: 0, Narrow klass range: 0x100000000

GC Precious Log:
 CPUs: 8 total, 8 available
 Memory: 7798M
 Large Page Support: Disabled
 NUMA Support: Disabled
 Compressed Oops: Enabled (32-bit)
 Heap Region Size: 1M
 Heap Min Capacity: 8M
 Heap Initial Capacity: 122M
 Heap Max Capacity: 1950M
 Pre-touch: Disabled
 Parallel Workers: 8
 Concurrent Workers: 2
 Concurrent Refinement Workers: 8
 Periodic GC: Disabled

Heap:
 garbage-first heap   total 60416K, used 37564K [0x0000000086200000, 0x0000000100000000)
  region size 1024K, 8 young (8192K), 2 survivors (2048K)
 Metaspace       used 66836K, committed 67456K, reserved 1114112K
  class space    used 9263K, committed 9536K, reserved 1048576K

Heap Regions: E=young(eden), S=young(survivor), O=old, HS=humongous(starts), HC=humongous(continues), CS=collection set, F=free, OA=open archive, CA=closed archive, TAMS=top-at-mark-start (previous, next)
|   0|0x0000000086200000, 0x0000000086300000, 0x0000000086300000|100%|HS|  |TAMS 0x0000000086300000, 0x0000000086200000| Complete 
|   1|0x0000000086300000, 0x0000000086400000, 0x0000000086400000|100%|HS|  |TAMS 0x0000000086400000, 0x0000000086300000| Complete 
|   2|0x0000000086400000, 0x0000000086500000, 0x0000000086500000|100%| O|  |TAMS 0x0000000086500000, 0x0000000086400000| Untracked 
|   3|0x0000000086500000, 0x0000000086600000, 0x0000000086600000|100%| O|  |TAMS 0x0000000086600000, 0x0000000086500000| Untracked 
|   4|0x0000000086600000, 0x0000000086700000, 0x0000000086700000|100%| O|  |TAMS 0x0000000086700000, 0x0000000086600000| Untracked 
|   5|0x0000000086700000, 0x0000000086800000, 0x0000000086800000|100%| O|  |TAMS 0x0000000086800000, 0x0000000086700000| Untracked 
|   6|0x0000000086800000, 0x0000000086900000, 0x0000000086900000|100%| O|  |TAMS 0x0000000086900000, 0x0000000086800000| Untracked 
|   7|0x0000000086900000, 0x0000000086a00000, 0x0000000086a00000|100%| O|  |TAMS 0x0000000086a00000, 0x0000000086900000| Untracked 
|   8|0x0000000086a00000, 0x0000000086b00000, 0x0000000086b00000|100%| O|  |TAMS 0x0000000086b00000, 0x0000000086a00000| Untracked 
|   9|0x0000000086b00000, 0x0000000086c00000, 0x0000000086c00000|100%| O|  |TAMS 0x0000000086c00000, 0x0000000086b00000| Untracked 
|  10|0x0000000086c00000, 0x0000000086d00000, 0x0000000086d00000|100%| O|  |TAMS 0x0000000086d00000, 0x0000000086c00000| Untracked 
|  11|0x0000000086d00000, 0x0000000086e00000, 0x0000000086e00000|100%| O|  |TAMS 0x0000000086e00000, 0x0000000086d00000| Untracked 
|  12|0x0000000086e00000, 0x0000000086f00000, 0x0000000086f00000|100%| O|  |TAMS 0x0000000086f00000, 0x0000000086e00000| Untracked 
|  13|0x0000000086f00000, 0x0000000087000000, 0x0000000087000000|100%| O|  |TAMS 0x0000000087000000, 0x0000000086f00000| Untracked 
|  14|0x0000000087000000, 0x0000000087100000, 0x0000000087100000|100%| O|  |TAMS 0x0000000087100000, 0x0000000087000000| Untracked 
|  15|0x0000000087100000, 0x0000000087200000, 0x0000000087200000|100%| O|  |TAMS 0x0000000087200000, 0x0000000087100000| Untracked 
|  16|0x0000000087200000, 0x0000000087300000, 0x0000000087300000|100%| O|  |TAMS 0x0000000087300000, 0x0000000087200000| Untracked 
|  17|0x0000000087300000, 0x0000000087400000, 0x0000000087400000|100%| O|  |TAMS 0x0000000087400000, 0x0000000087300000| Untracked 
|  18|0x0000000087400000, 0x0000000087500000, 0x0000000087500000|100%| O|  |TAMS 0x0000000087500000, 0x0000000087400000| Untracked 
|  19|0x0000000087500000, 0x0000000087600000, 0x0000000087600000|100%| O|  |TAMS 0x0000000087600000, 0x0000000087500000| Untracked 
|  20|0x0000000087600000, 0x0000000087700000, 0x0000000087700000|100%| O|  |TAMS 0x0000000087700000, 0x0000000087600000| Untracked 
|  21|0x0000000087700000, 0x0000000087800000, 0x0000000087800000|100%| O|  |TAMS 0x0000000087800000, 0x0000000087700000| Untracked 
|  22|0x0000000087800000, 0x0000000087900000, 0x0000000087900000|100%| O|  |TAMS 0x0000000087900000, 0x0000000087800000| Untracked 
|  23|0x0000000087900000, 0x0000000087a00000, 0x0000000087a00000|100%| O|  |TAMS 0x0000000087a00000, 0x0000000087900000| Untracked 
|  24|0x0000000087a00000, 0x0000000087b00000, 0x0000000087b00000|100%| O|  |TAMS 0x0000000087b00000, 0x0000000087a00000| Untracked 
|  25|0x0000000087b00000, 0x0000000087c00000, 0x0000000087c00000|100%| O|  |TAMS 0x0000000087c00000, 0x0000000087b00000| Untracked 
|  26|0x0000000087c00000, 0x0000000087d00000, 0x0000000087d00000|100%| O|  |TAMS 0x0000000087d00000, 0x0000000087c00000| Untracked 
|  27|0x0000000087d00000, 0x0000000087e00000, 0x0000000087e00000|100%| O|  |TAMS 0x0000000087e00000, 0x0000000087d00000| Untracked 
|  28|0x0000000087e00000, 0x0000000087f00000, 0x0000000087f00000|100%| O|  |TAMS 0x0000000087ec1000, 0x0000000087e00000| Untracked 
|  29|0x0000000087f00000, 0x0000000088000000, 0x0000000088000000|100%| O|  |TAMS 0x0000000087f00000, 0x0000000087f00000| Untracked 
|  30|0x0000000088000000, 0x0000000088082c00, 0x0000000088100000| 51%| O|  |TAMS 0x0000000088000000, 0x0000000088000000| Untracked 
|  31|0x0000000088100000, 0x0000000088100000, 0x0000000088200000|  0%| F|  |TAMS 0x0000000088100000, 0x0000000088100000| Untracked 
|  32|0x0000000088200000, 0x0000000088200000, 0x0000000088300000|  0%| F|  |TAMS 0x0000000088200000, 0x0000000088200000| Untracked 
|  33|0x0000000088300000, 0x0000000088300000, 0x0000000088400000|  0%| F|  |TAMS 0x0000000088300000, 0x0000000088300000| Untracked 
|  34|0x0000000088400000, 0x0000000088400000, 0x0000000088500000|  0%| F|  |TAMS 0x0000000088400000, 0x0000000088400000| Untracked 
|  35|0x0000000088500000, 0x0000000088500000, 0x0000000088600000|  0%| F|  |TAMS 0x0000000088500000, 0x0000000088500000| Untracked 
|  36|0x0000000088600000, 0x0000000088600000, 0x0000000088700000|  0%| F|  |TAMS 0x0000000088600000, 0x0000000088600000| Untracked 
|  37|0x0000000088700000, 0x0000000088700000, 0x0000000088800000|  0%| F|  |TAMS 0x0000000088700000, 0x0000000088700000| Untracked 
|  38|0x0000000088800000, 0x000000008882c720, 0x0000000088900000| 17%| S|CS|TAMS 0x0000000088800000, 0x0000000088800000| Complete 
|  39|0x0000000088900000, 0x0000000088a00000, 0x0000000088a00000|100%| S|CS|TAMS 0x0000000088900000, 0x0000000088900000| Complete 
|  40|0x0000000088a00000, 0x0000000088a00000, 0x0000000088b00000|  0%| F|  |TAMS 0x0000000088a00000, 0x0000000088a00000| Untracked 
|  41|0x0000000088b00000, 0x0000000088b00000, 0x0000000088c00000|  0%| F|  |TAMS 0x0000000088b00000, 0x0000000088b00000| Untracked 
|  42|0x0000000088c00000, 0x0000000088c00000, 0x0000000088d00000|  0%| F|  |TAMS 0x0000000088c00000, 0x0000000088c00000| Untracked 
|  43|0x0000000088d00000, 0x0000000088d00000, 0x0000000088e00000|  0%| F|  |TAMS 0x0000000088d00000, 0x0000000088d00000| Untracked 
|  44|0x0000000088e00000, 0x0000000088e00000, 0x0000000088f00000|  0%| F|  |TAMS 0x0000000088e00000, 0x0000000088e00000| Untracked 
|  45|0x0000000088f00000, 0x0000000088f00000, 0x0000000089000000|  0%| F|  |TAMS 0x0000000088f00000, 0x0000000088f00000| Untracked 
|  46|0x0000000089000000, 0x0000000089000000, 0x0000000089100000|  0%| F|  |TAMS 0x0000000089000000, 0x0000000089000000| Untracked 
|  47|0x0000000089100000, 0x0000000089100000, 0x0000000089200000|  0%| F|  |TAMS 0x0000000089100000, 0x0000000089100000| Untracked 
|  48|0x0000000089200000, 0x0000000089200000, 0x0000000089300000|  0%| F|  |TAMS 0x0000000089200000, 0x0000000089200000| Untracked 
|  49|0x0000000089300000, 0x0000000089300000, 0x0000000089400000|  0%| F|  |TAMS 0x0000000089300000, 0x0000000089300000| Untracked 
|  50|0x0000000089400000, 0x0000000089400000, 0x0000000089500000|  0%| F|  |TAMS 0x0000000089400000, 0x0000000089400000| Untracked 
|  69|0x000000008a700000, 0x000000008a700000, 0x000000008a800000|  0%| F|  |TAMS 0x000000008a700000, 0x000000008a700000| Untracked 
|  70|0x000000008a800000, 0x000000008a800000, 0x000000008a900000|  0%| F|  |TAMS 0x000000008a800000, 0x000000008a800000| Untracked 
|  71|0x000000008a900000, 0x000000008a9f47f8, 0x000000008aa00000| 95%| E|  |TAMS 0x000000008a900000, 0x000000008a900000| Complete 
|  72|0x000000008aa00000, 0x000000008ab00000, 0x000000008ab00000|100%| E|CS|TAMS 0x000000008aa00000, 0x000000008aa00000| Complete 
|  73|0x000000008ab00000, 0x000000008ac00000, 0x000000008ac00000|100%| E|CS|TAMS 0x000000008ab00000, 0x000000008ab00000| Complete 
|  74|0x000000008ac00000, 0x000000008ad00000, 0x000000008ad00000|100%| E|CS|TAMS 0x000000008ac00000, 0x000000008ac00000| Complete 
|  75|0x000000008ad00000, 0x000000008ae00000, 0x000000008ae00000|100%| E|CS|TAMS 0x000000008ad00000, 0x000000008ad00000| Complete 
| 121|0x000000008db00000, 0x000000008dc00000, 0x000000008dc00000|100%| E|CS|TAMS 0x000000008db00000, 0x000000008db00000| Complete 

Card table byte_map: [0x00000263e4620000,0x00000263e49f0000] _byte_map_base: 0x00000263e41ef000

Marking Bits (Prev, Next): (CMBitMap*) 0x00000263cd6fa650, (CMBitMap*) 0x00000263cd6fa690
 Prev Bits: [0x00000263e4dc0000, 0x00000263e6c38000)
 Next Bits: [0x00000263e6c40000, 0x00000263e8ab8000)

Polling page: 0x00000263cb620000

Metaspace:

Usage:
  Non-class:     56.23 MB used.
      Class:      9.05 MB used.
       Both:     65.28 MB used.

Virtual space:
  Non-class space:       64.00 MB reserved,      56.56 MB ( 88%) committed,  8 nodes.
      Class space:        1.00 GB reserved,       9.31 MB ( <1%) committed,  1 nodes.
             Both:        1.06 GB reserved,      65.88 MB (  6%) committed. 

Chunk freelists:
   Non-Class:  3.14 MB
       Class:  2.51 MB
        Both:  5.65 MB

MaxMetaspaceSize: unlimited
CompressedClassSpaceSize: 1.00 GB
Initial GC threshold: 21.00 MB
Current GC threshold: 109.50 MB
CDS: on
MetaspaceReclaimPolicy: balanced
 - commit_granule_bytes: 65536.
 - commit_granule_words: 8192.
 - virtual_space_node_default_size: 1048576.
 - enlarge_chunks_in_place: 1.
 - new_chunks_are_fully_committed: 0.
 - uncommit_free_chunks: 1.
 - use_allocation_guard: 0.
 - handle_deallocations: 1.


Internal statistics:

num_allocs_failed_limit: 6.
num_arena_births: 828.
num_arena_deaths: 0.
num_vsnodes_births: 9.
num_vsnodes_deaths: 0.
num_space_committed: 1054.
num_space_uncommitted: 0.
num_chunks_returned_to_freelist: 6.
num_chunks_taken_from_freelist: 3373.
num_chunk_merges: 3.
num_chunk_splits: 2409.
num_chunks_enlarged: 1885.
num_purges: 0.
num_inconsistent_stats: 0.

CodeHeap 'non-profiled nmethods': size=120000Kb used=4017Kb max_used=4017Kb free=115982Kb
 bounds [0x00000263dc9f0000, 0x00000263dcde0000, 0x00000263e3f20000]
CodeHeap 'profiled nmethods': size=120000Kb used=10792Kb max_used=10792Kb free=109207Kb
 bounds [0x00000263d4f20000, 0x00000263d59b0000, 0x00000263dc450000]
CodeHeap 'non-nmethods': size=5760Kb used=1336Kb max_used=1405Kb free=4423Kb
 bounds [0x00000263dc450000, 0x00000263dc6c0000, 0x00000263dc9f0000]
 total_blobs=6242 nmethods=5570 adapters=584
 compilation: enabled
              stopped_count=0, restarted_count=0
 full_count=0

Compilation events (20 events):
Event: 16.645 Thread 0x00000263eb4c8f20 6349       2       java.util.concurrent.ConcurrentLinkedDeque$AbstractItr::advance (80 bytes)
Event: 16.646 Thread 0x00000263eb4c8f20 nmethod 6349 0x00000263d5999c90 code [0x00000263d5999e60, 0x00000263d599a228]
Event: 16.646 Thread 0x00000263eb4c8f20 6350       2       java.util.concurrent.ConcurrentLinkedDeque$Itr::nextNode (9 bytes)
Event: 16.646 Thread 0x00000263eb4c8f20 nmethod 6350 0x00000263d599a390 code [0x00000263d599a520, 0x00000263d599a668]
Event: 16.646 Thread 0x00000263eb4c8f20 6351       2       java.util.concurrent.ConcurrentLinkedDeque::succ (17 bytes)
Event: 16.646 Thread 0x00000263eb4c8f20 nmethod 6351 0x00000263d599a790 code [0x00000263d599a920, 0x00000263d599aa48]
Event: 16.647 Thread 0x00000263eb4c8f20 6352       2       org.springframework.boot.web.servlet.context.WebApplicationContextServletContextAwareProcessor::getServletContext (23 bytes)
Event: 16.647 Thread 0x00000263eb4c8f20 nmethod 6352 0x00000263d599ab10 code [0x00000263d599ace0, 0x00000263d599af18]
Event: 16.650 Thread 0x00000263eb4c8f20 6353       2       java.lang.ThreadLocal$ThreadLocalMap::expungeStaleEntry (146 bytes)
Event: 16.650 Thread 0x00000263eb4c8f20 nmethod 6353 0x00000263d599b010 code [0x00000263d599b1e0, 0x00000263d599b6b8]
Event: 16.654 Thread 0x00000263eb4c8f20 6354       2       java.lang.Class::methodToString (78 bytes)
Event: 16.655 Thread 0x00000263eb4c8f20 nmethod 6354 0x00000263d599b910 code [0x00000263d599bb60, 0x00000263d599c048]
Event: 16.657 Thread 0x00000263eb4c8f20 6355       2       org.springframework.beans.factory.InjectionPoint::getAnnotations (39 bytes)
Event: 16.657 Thread 0x00000263eb4c8f20 nmethod 6355 0x00000263d599c390 code [0x00000263d599c580, 0x00000263d599c928]
Event: 16.660 Thread 0x00000263eb4c8f20 6356       2       java.util.IdentityHashMap::capacity (29 bytes)
Event: 16.661 Thread 0x00000263eb4c8f20 nmethod 6356 0x00000263d599cb10 code [0x00000263d599cca0, 0x00000263d599cde8]
Event: 16.664 Thread 0x00000263eb4c8f20 6357       2       org.springframework.core.type.classreading.MergedAnnotationReadingVisitor::visit (30 bytes)
Event: 16.664 Thread 0x00000263eb4c8f20 nmethod 6357 0x00000263d599ce90 code [0x00000263d599d040, 0x00000263d599d238]
Event: 16.664 Thread 0x00000263eb4c8f20 6359       2       java.lang.reflect.Method::getParameterAnnotations (13 bytes)
Event: 16.664 Thread 0x00000263eb4c8f20 nmethod 6359 0x00000263d599d390 code [0x00000263d599d520, 0x00000263d599d648]

GC Heap History (20 events):
Event: 11.246 GC heap before
{Heap before GC invocations=11 (full 0):
 garbage-first heap   total 55296K, used 42316K [0x0000000086200000, 0x0000000100000000)
  region size 1024K, 21 young (21504K), 1 survivors (1024K)
 Metaspace       used 40516K, committed 41024K, reserved 1089536K
  class space    used 5484K, committed 5696K, reserved 1048576K
}
Event: 11.250 GC heap after
{Heap after GC invocations=12 (full 0):
 garbage-first heap   total 55296K, used 23137K [0x0000000086200000, 0x0000000100000000)
  region size 1024K, 2 young (2048K), 2 survivors (2048K)
 Metaspace       used 40516K, committed 41024K, reserved 1089536K
  class space    used 5484K, committed 5696K, reserved 1048576K
}
Event: 12.257 GC heap before
{Heap before GC invocations=12 (full 0):
 garbage-first heap   total 55296K, used 42593K [0x0000000086200000, 0x0000000100000000)
  region size 1024K, 21 young (21504K), 2 survivors (2048K)
 Metaspace       used 45695K, committed 46208K, reserved 1089536K
  class space    used 6179K, committed 6400K, reserved 1048576K
}
Event: 12.261 GC heap after
{Heap after GC invocations=13 (full 0):
 garbage-first heap   total 55296K, used 24909K [0x0000000086200000, 0x0000000100000000)
  region size 1024K, 3 young (3072K), 3 survivors (3072K)
 Metaspace       used 45695K, committed 46208K, reserved 1089536K
  class space    used 6179K, committed 6400K, reserved 1048576K
}
Event: 12.954 GC heap before
{Heap before GC invocations=13 (full 0):
 garbage-first heap   total 55296K, used 43341K [0x0000000086200000, 0x0000000100000000)
  region size 1024K, 21 young (21504K), 3 survivors (3072K)
 Metaspace       used 49536K, committed 49984K, reserved 1097728K
  class space    used 6650K, committed 6848K, reserved 1048576K
}
Event: 12.958 GC heap after
{Heap after GC invocations=14 (full 0):
 garbage-first heap   total 55296K, used 26008K [0x0000000086200000, 0x0000000100000000)
  region size 1024K, 2 young (2048K), 2 survivors (2048K)
 Metaspace       used 49536K, committed 49984K, reserved 1097728K
  class space    used 6650K, committed 6848K, reserved 1048576K
}
Event: 13.496 GC heap before
{Heap before GC invocations=14 (full 0):
 garbage-first heap   total 55296K, used 42392K [0x0000000086200000, 0x0000000100000000)
  region size 1024K, 19 young (19456K), 2 survivors (2048K)
 Metaspace       used 54903K, committed 55360K, reserved 1097728K
  class space    used 7553K, committed 7744K, reserved 1048576K
}
Event: 13.499 GC heap after
{Heap after GC invocations=15 (full 0):
 garbage-first heap   total 55296K, used 26463K [0x0000000086200000, 0x0000000100000000)
  region size 1024K, 2 young (2048K), 2 survivors (2048K)
 Metaspace       used 54903K, committed 55360K, reserved 1097728K
  class space    used 7553K, committed 7744K, reserved 1048576K
}
Event: 14.003 GC heap before
{Heap before GC invocations=16 (full 0):
 garbage-first heap   total 55296K, used 42847K [0x0000000086200000, 0x0000000100000000)
  region size 1024K, 19 young (19456K), 2 survivors (2048K)
 Metaspace       used 57983K, committed 58496K, reserved 1105920K
  class space    used 8046K, committed 8256K, reserved 1048576K
}
Event: 14.006 GC heap after
{Heap after GC invocations=17 (full 0):
 garbage-first heap   total 55296K, used 27050K [0x0000000086200000, 0x0000000100000000)
  region size 1024K, 3 young (3072K), 3 survivors (3072K)
 Metaspace       used 57983K, committed 58496K, reserved 1105920K
  class space    used 8046K, committed 8256K, reserved 1048576K
}
Event: 14.820 GC heap before
{Heap before GC invocations=17 (full 0):
 garbage-first heap   total 55296K, used 44458K [0x0000000086200000, 0x0000000100000000)
  region size 1024K, 20 young (20480K), 3 survivors (3072K)
 Metaspace       used 60700K, committed 61248K, reserved 1105920K
  class space    used 8411K, committed 8640K, reserved 1048576K
}
Event: 14.826 GC heap after
{Heap after GC invocations=18 (full 0):
 garbage-first heap   total 55296K, used 28239K [0x0000000086200000, 0x0000000100000000)
  region size 1024K, 3 young (3072K), 3 survivors (3072K)
 Metaspace       used 60700K, committed 61248K, reserved 1105920K
  class space    used 8411K, committed 8640K, reserved 1048576K
}
Event: 15.347 GC heap before
{Heap before GC invocations=19 (full 0):
 garbage-first heap   total 55296K, used 43599K [0x0000000086200000, 0x0000000100000000)
  region size 1024K, 19 young (19456K), 3 survivors (3072K)
 Metaspace       used 63162K, committed 63808K, reserved 1105920K
  class space    used 8744K, committed 9024K, reserved 1048576K
}
Event: 15.350 GC heap after
{Heap after GC invocations=20 (full 0):
 garbage-first heap   total 55296K, used 29538K [0x0000000086200000, 0x0000000100000000)
  region size 1024K, 3 young (3072K), 3 survivors (3072K)
 Metaspace       used 63162K, committed 63808K, reserved 1105920K
  class space    used 8744K, committed 9024K, reserved 1048576K
}
Event: 15.656 GC heap before
{Heap before GC invocations=20 (full 0):
 garbage-first heap   total 55296K, used 44898K [0x0000000086200000, 0x0000000100000000)
  region size 1024K, 18 young (18432K), 3 survivors (3072K)
 Metaspace       used 63899K, committed 64576K, reserved 1105920K
  class space    used 8829K, committed 9152K, reserved 1048576K
}
Event: 15.662 GC heap after
{Heap after GC invocations=21 (full 0):
 garbage-first heap   total 55296K, used 30124K [0x0000000086200000, 0x0000000100000000)
  region size 1024K, 2 young (2048K), 2 survivors (2048K)
 Metaspace       used 63899K, committed 64576K, reserved 1105920K
  class space    used 8829K, committed 9152K, reserved 1048576K
}
Event: 16.200 GC heap before
{Heap before GC invocations=22 (full 0):
 garbage-first heap   total 55296K, used 45484K [0x0000000086200000, 0x0000000100000000)
  region size 1024K, 17 young (17408K), 2 survivors (2048K)
 Metaspace       used 65149K, committed 65728K, reserved 1105920K
  class space    used 9001K, committed 9280K, reserved 1048576K
}
Event: 16.204 GC heap after
{Heap after GC invocations=23 (full 0):
 garbage-first heap   total 55296K, used 31390K [0x0000000086200000, 0x0000000100000000)
  region size 1024K, 2 young (2048K), 2 survivors (2048K)
 Metaspace       used 65149K, committed 65728K, reserved 1105920K
  class space    used 9001K, committed 9280K, reserved 1048576K
}
Event: 16.579 GC heap before
{Heap before GC invocations=23 (full 0):
 garbage-first heap   total 55296K, used 45726K [0x0000000086200000, 0x0000000100000000)
  region size 1024K, 16 young (16384K), 2 survivors (2048K)
 Metaspace       used 66536K, committed 67072K, reserved 1114112K
  class space    used 9211K, committed 9472K, reserved 1048576K
}
Event: 16.583 GC heap after
{Heap after GC invocations=24 (full 0):
 garbage-first heap   total 55296K, used 32444K [0x0000000086200000, 0x0000000100000000)
  region size 1024K, 2 young (2048K), 2 survivors (2048K)
 Metaspace       used 66536K, committed 67072K, reserved 1114112K
  class space    used 9211K, committed 9472K, reserved 1048576K
}

Deoptimization events (20 events):
Event: 16.317 Thread 0x00000263ecde9020 Uncommon trap: trap_request=0xffffff45 fr.pc=0x00000263dcd89090 relative=0x0000000000003f10
Event: 16.317 Thread 0x00000263ecde9020 Uncommon trap: reason=unstable_if action=reinterpret pc=0x00000263dcd89090 method=java.net.URL.<init>(Ljava/net/URL;Ljava/lang/String;Ljava/net/URLStreamHandler;)V @ 30 c2
Event: 16.317 Thread 0x00000263ecde9020 DEOPT PACKING pc=0x00000263dcd89090 sp=0x000000a7716fa050
Event: 16.317 Thread 0x00000263ecde9020 DEOPT UNPACKING pc=0x00000263dc4a23a3 sp=0x000000a7716fa030 mode 2
Event: 16.317 Thread 0x00000263ecde9020 Uncommon trap: trap_request=0xffffff45 fr.pc=0x00000263dcafc9b0 relative=0x00000000000009f0
Event: 16.317 Thread 0x00000263ecde9020 Uncommon trap: reason=unstable_if action=reinterpret pc=0x00000263dcafc9b0 method=java.net.URL.isBuiltinStreamHandler(Ljava/net/URLStreamHandler;)Z @ 13 c2
Event: 16.318 Thread 0x00000263ecde9020 DEOPT PACKING pc=0x00000263dcafc9b0 sp=0x000000a7716f9ec0
Event: 16.318 Thread 0x00000263ecde9020 DEOPT UNPACKING pc=0x00000263dc4a23a3 sp=0x000000a7716f9de8 mode 2
Event: 16.615 Thread 0x00000263ecde9020 Uncommon trap: trap_request=0xffffff45 fr.pc=0x00000263dcbdfe00 relative=0x0000000000000240
Event: 16.615 Thread 0x00000263ecde9020 Uncommon trap: reason=unstable_if action=reinterpret pc=0x00000263dcbdfe00 method=org.springframework.beans.factory.support.AbstractAutowireCapableBeanFactory.determineTargetType(Ljava/lang/String;Lorg/springframework/beans/factory/support/RootBeanDefinit
Event: 16.615 Thread 0x00000263ecde9020 DEOPT PACKING pc=0x00000263dcbdfe00 sp=0x000000a7716fd590
Event: 16.616 Thread 0x00000263ecde9020 DEOPT UNPACKING pc=0x00000263dc4a23a3 sp=0x000000a7716fd548 mode 2
Event: 16.629 Thread 0x00000263ecde9020 Uncommon trap: trap_request=0xffffff45 fr.pc=0x00000263dc9fa2b4 relative=0x00000000000001b4
Event: 16.629 Thread 0x00000263ecde9020 Uncommon trap: reason=unstable_if action=reinterpret pc=0x00000263dc9fa2b4 method=java.lang.String.isLatin1()Z @ 10 c2
Event: 16.629 Thread 0x00000263ecde9020 DEOPT PACKING pc=0x00000263dc9fa2b4 sp=0x000000a7716fb9d0
Event: 16.629 Thread 0x00000263ecde9020 DEOPT UNPACKING pc=0x00000263dc4a23a3 sp=0x000000a7716fb900 mode 2
Event: 16.664 Thread 0x00000263ecde9020 Uncommon trap: trap_request=0xffffff45 fr.pc=0x00000263dcb0b130 relative=0x00000000000004b0
Event: 16.664 Thread 0x00000263ecde9020 Uncommon trap: reason=unstable_if action=reinterpret pc=0x00000263dcb0b130 method=java.util.HashMap.getNode(Ljava/lang/Object;)Ljava/util/HashMap$Node; @ 66 c2
Event: 16.664 Thread 0x00000263ecde9020 DEOPT PACKING pc=0x00000263dcb0b130 sp=0x000000a7716fdeb0
Event: 16.664 Thread 0x00000263ecde9020 DEOPT UNPACKING pc=0x00000263dc4a23a3 sp=0x000000a7716fdd70 mode 2

Classes unloaded (0 events):
No events

Classes redefined (0 events):
No events

Internal exceptions (20 events):
Event: 15.043 Thread 0x00000263ecde9020 Exception <a 'java/lang/NoSuchMethodError'{0x000000008aa6db58}: 'int java.lang.invoke.DirectMethodHandle$Holder.invokeStatic(java.lang.Object, java.lang.Object, int)'> (0x000000008aa6db58) 
thrown [s\open\src\hotspot\share\interpreter\linkResolver.cpp, line 759]
Event: 15.060 Thread 0x00000263ecde9020 Exception <a 'java/lang/IncompatibleClassChangeError'{0x000000008aab1720}: Found class java.lang.Object, but interface was expected> (0x000000008aab1720) 
thrown [s\open\src\hotspot\share\interpreter\linkResolver.cpp, line 826]
Event: 15.062 Thread 0x00000263ecde9020 Exception <a 'java/lang/IncompatibleClassChangeError'{0x000000008aab8030}: Found class java.lang.Object, but interface was expected> (0x000000008aab8030) 
thrown [s\open\src\hotspot\share\interpreter\linkResolver.cpp, line 826]
Event: 15.150 Thread 0x00000263ecde9020 Exception <a 'java/lang/NoSuchMethodError'{0x000000008a8805b0}: 'java.lang.Object java.lang.invoke.DirectMethodHandle$Holder.invokeStatic(java.lang.Object, int, java.lang.Object)'> (0x000000008a8805b0) 
thrown [s\open\src\hotspot\share\interpreter\linkResolver.cpp, line 759]
Event: 15.160 Thread 0x00000263ecde9020 Exception <a 'java/lang/reflect/InvocationTargetException'{0x000000008a8baaf8}> (0x000000008a8baaf8) 
thrown [s\open\src\hotspot\share\runtime\reflection.cpp, line 1121]
Event: 15.254 Thread 0x00000263ecde9020 Exception <a 'java/lang/NoSuchMethodError'{0x0000000088dd4da8}: 'long java.lang.invoke.DirectMethodHandle$Holder.invokeVirtual(java.lang.Object, java.lang.Object)'> (0x0000000088dd4da8) 
thrown [s\open\src\hotspot\share\interpreter\linkResolver.cpp, line 759]
Event: 15.261 Thread 0x00000263ecde9020 Exception <a 'java/io/FileNotFoundException'{0x0000000088c03540}> (0x0000000088c03540) 
thrown [s\open\src\hotspot\share\prims\jni.cpp, line 516]
Event: 15.294 Thread 0x00000263ecde9020 Exception <a 'java/lang/NoSuchMethodError'{0x0000000088b51668}: 'void java.lang.invoke.DirectMethodHandle$Holder.invokeVirtual(java.lang.Object, java.lang.Object, long)'> (0x0000000088b51668) 
thrown [s\open\src\hotspot\share\interpreter\linkResolver.cpp, line 759]
Event: 15.339 Thread 0x00000263ecde9020 Exception <a 'java/lang/reflect/InvocationTargetException'{0x0000000088807830}> (0x0000000088807830) 
thrown [s\open\src\hotspot\share\runtime\reflection.cpp, line 1121]
Event: 15.376 Thread 0x00000263ecde9020 Exception <a 'java/lang/reflect/InvocationTargetException'{0x000000008adc6978}> (0x000000008adc6978) 
thrown [s\open\src\hotspot\share\runtime\reflection.cpp, line 1121]
Event: 15.381 Thread 0x00000263ecde9020 Exception <a 'java/lang/reflect/InvocationTargetException'{0x000000008addc5f0}> (0x000000008addc5f0) 
thrown [s\open\src\hotspot\share\runtime\reflection.cpp, line 1121]
Event: 15.383 Thread 0x00000263ecde9020 Exception <a 'java/lang/reflect/InvocationTargetException'{0x000000008ade7708}> (0x000000008ade7708) 
thrown [s\open\src\hotspot\share\runtime\reflection.cpp, line 1121]
Event: 15.428 Thread 0x00000263ecde9020 Exception <a 'java/lang/NoSuchMethodError'{0x000000008a9dc828}: 'int java.lang.invoke.DirectMethodHandle$Holder.invokeStaticInit(java.lang.Object, int, java.lang.Object, java.lang.Object, java.lang.Object, java.lang.Object)'> (0x000000008a9dc828) 
thrown [s\open\src\hotspot\share\interpreter\linkResolver.cpp, line 759]
Event: 15.557 Thread 0x00000263ecde9020 Exception <a 'java/lang/reflect/InvocationTargetException'{0x0000000088d10528}> (0x0000000088d10528) 
thrown [s\open\src\hotspot\share\runtime\reflection.cpp, line 1121]
Event: 15.560 Thread 0x00000263ecde9020 Exception <a 'java/lang/reflect/InvocationTargetException'{0x0000000088d1b2b8}> (0x0000000088d1b2b8) 
thrown [s\open\src\hotspot\share\runtime\reflection.cpp, line 1121]
Event: 15.617 Thread 0x00000263ecde9020 Exception <a 'java/lang/reflect/InvocationTargetException'{0x0000000088bcd170}> (0x0000000088bcd170) 
thrown [s\open\src\hotspot\share\runtime\reflection.cpp, line 1121]
Event: 15.670 Thread 0x00000263ecde9020 Exception <a 'java/lang/reflect/InvocationTargetException'{0x000000008db699f8}> (0x000000008db699f8) 
thrown [s\open\src\hotspot\share\runtime\reflection.cpp, line 1121]
Event: 15.691 Thread 0x00000263ecde9020 Exception <a 'java/lang/reflect/InvocationTargetException'{0x000000008dba0d20}> (0x000000008dba0d20) 
thrown [s\open\src\hotspot\share\runtime\reflection.cpp, line 1121]
Event: 16.192 Thread 0x00000263ecde9020 Exception <a 'sun/nio/fs/WindowsException'{0x00000000889c4910}> (0x00000000889c4910) 
thrown [s\open\src\hotspot\share\prims\jni.cpp, line 516]
Event: 16.286 Thread 0x00000263ecde9020 Exception <a 'java/lang/IncompatibleClassChangeError'{0x000000008abf5470}: Found class java.lang.Object, but interface was expected> (0x000000008abf5470) 
thrown [s\open\src\hotspot\share\interpreter\linkResolver.cpp, line 826]

VM Operations (20 events):
Event: 15.944 Executing VM operation: HandshakeAllThreads
Event: 15.944 Executing VM operation: HandshakeAllThreads done
Event: 15.969 Executing VM operation: HandshakeAllThreads
Event: 15.969 Executing VM operation: HandshakeAllThreads done
Event: 16.039 Executing VM operation: HandshakeAllThreads
Event: 16.039 Executing VM operation: HandshakeAllThreads done
Event: 16.040 Executing VM operation: HandshakeAllThreads
Event: 16.040 Executing VM operation: HandshakeAllThreads done
Event: 16.200 Executing VM operation: G1CollectForAllocation
Event: 16.205 Executing VM operation: G1CollectForAllocation done
Event: 16.306 Executing VM operation: HandshakeAllThreads
Event: 16.306 Executing VM operation: HandshakeAllThreads done
Event: 16.348 Executing VM operation: HandshakeAllThreads
Event: 16.348 Executing VM operation: HandshakeAllThreads done
Event: 16.579 Executing VM operation: G1CollectForAllocation
Event: 16.583 Executing VM operation: G1CollectForAllocation done
Event: 16.631 Executing VM operation: G1Concurrent
Event: 16.635 Executing VM operation: G1Concurrent done
Event: 16.655 Executing VM operation: G1Concurrent
Event: 16.655 Executing VM operation: G1Concurrent done

Events (20 events):
Event: 15.453 loading class sun/reflect/ReflectionFactory$1
Event: 15.453 loading class sun/reflect/ReflectionFactory$1 done
Event: 15.453 loading class java/io/OptionalDataException
Event: 15.453 loading class java/io/OptionalDataException done
Event: 15.454 loading class jdk/internal/reflect/SerializationConstructorAccessorImpl
Event: 15.454 loading class jdk/internal/reflect/SerializationConstructorAccessorImpl done
Event: 15.772 loading class java/time/DurationEditor
Event: 15.772 loading class java/time/DurationEditor done
Event: 15.942 loading class java/util/ArrayList$ListItr
Event: 15.943 loading class java/util/ArrayList$ListItr done
Event: 16.010 loading class java/util/Comparators$NullComparator
Event: 16.010 loading class java/util/Comparators$NullComparator done
Event: 16.046 loading class sun/reflect/annotation/TypeAnnotation$TypeAnnotationTargetInfo
Event: 16.046 loading class sun/reflect/annotation/TypeAnnotation$TypeAnnotationTargetInfo done
Event: 16.238 loading class java/util/EnumMap$EntrySet
Event: 16.239 loading class java/util/EnumMap$EntrySet done
Event: 16.239 loading class java/util/EnumMap$EntryIterator
Event: 16.239 loading class java/util/EnumMap$EnumMapIterator
Event: 16.239 loading class java/util/EnumMap$EnumMapIterator done
Event: 16.239 loading class java/util/EnumMap$EntryIterator done


Dynamic libraries:
0x00007ff700c50000 - 0x00007ff700c60000 	C:\Program Files\Java\jdk-17\bin\java.exe
0x00007ffb875d0000 - 0x00007ffb877c8000 	C:\WINDOWS\SYSTEM32\ntdll.dll
0x00007ffb865e0000 - 0x00007ffb866a2000 	C:\WINDOWS\System32\KERNEL32.DLL
0x00007ffb851f0000 - 0x00007ffb854e7000 	C:\WINDOWS\System32\KERNELBASE.dll
0x00007ffb84c60000 - 0x00007ffb84d60000 	C:\WINDOWS\System32\ucrtbase.dll
0x00007ffb7e0e0000 - 0x00007ffb7e0f8000 	C:\Program Files\Java\jdk-17\bin\jli.dll
0x00007ffb7ecf0000 - 0x00007ffb7ed0b000 	C:\Program Files\Java\jdk-17\bin\VCRUNTIME140.dll
0x00007ffb873a0000 - 0x00007ffb87451000 	C:\WINDOWS\System32\ADVAPI32.dll
0x00007ffb855f0000 - 0x00007ffb8568e000 	C:\WINDOWS\System32\msvcrt.dll
0x00007ffb862c0000 - 0x00007ffb8635f000 	C:\WINDOWS\System32\sechost.dll
0x00007ffb863e0000 - 0x00007ffb86506000 	C:\WINDOWS\System32\RPCRT4.dll
0x00007ffb851c0000 - 0x00007ffb851e7000 	C:\WINDOWS\System32\bcrypt.dll
0x00007ffb86810000 - 0x00007ffb869ad000 	C:\WINDOWS\System32\USER32.dll
0x00007ffb71360000 - 0x00007ffb715fa000 	C:\WINDOWS\WinSxS\amd64_microsoft.windows.common-controls_6595b64144ccf1df_6.0.19041.5915_none_60b4b9d171f9c7c7\COMCTL32.dll
0x00007ffb84df0000 - 0x00007ffb84e12000 	C:\WINDOWS\System32\win32u.dll
0x00007ffb865a0000 - 0x00007ffb865cb000 	C:\WINDOWS\System32\GDI32.dll
0x00007ffb85000000 - 0x00007ffb85119000 	C:\WINDOWS\System32\gdi32full.dll
0x00007ffb85120000 - 0x00007ffb851bd000 	C:\WINDOWS\System32\msvcp_win.dll
0x00007ffb7c1b0000 - 0x00007ffb7c1ba000 	C:\WINDOWS\SYSTEM32\VERSION.dll
0x00007ffb866b0000 - 0x00007ffb866df000 	C:\WINDOWS\System32\IMM32.DLL
0x00007ffb7e140000 - 0x00007ffb7e14c000 	C:\Program Files\Java\jdk-17\bin\vcruntime140_1.dll
0x00007ffb61fa0000 - 0x00007ffb6202e000 	C:\Program Files\Java\jdk-17\bin\msvcp140.dll
0x00007ffb29b20000 - 0x00007ffb2a6f7000 	C:\Program Files\Java\jdk-17\bin\server\jvm.dll
0x00007ffb862b0000 - 0x00007ffb862b8000 	C:\WINDOWS\System32\PSAPI.DLL
0x00007ffb68cb0000 - 0x00007ffb68cb9000 	C:\WINDOWS\SYSTEM32\WSOCK32.dll
0x00007ffb710f0000 - 0x00007ffb71117000 	C:\WINDOWS\SYSTEM32\WINMM.dll
0x00007ffb87330000 - 0x00007ffb8739b000 	C:\WINDOWS\System32\WS2_32.dll
0x00007ffb83440000 - 0x00007ffb83452000 	C:\WINDOWS\SYSTEM32\kernel.appcore.dll
0x00007ffb7e0a0000 - 0x00007ffb7e0aa000 	C:\Program Files\Java\jdk-17\bin\jimage.dll
0x00007ffb816c0000 - 0x00007ffb818c1000 	C:\WINDOWS\SYSTEM32\DBGHELP.DLL
0x00007ffb7c710000 - 0x00007ffb7c744000 	C:\WINDOWS\SYSTEM32\dbgcore.DLL
0x00007ffb84d60000 - 0x00007ffb84de2000 	C:\WINDOWS\System32\bcryptPrimitives.dll
0x00007ffb7e090000 - 0x00007ffb7e09e000 	C:\Program Files\Java\jdk-17\bin\instrument.dll
0x00007ffb7d2c0000 - 0x00007ffb7d2e5000 	C:\Program Files\Java\jdk-17\bin\java.dll
0x00007ffb5fd90000 - 0x00007ffb5fe67000 	C:\Program Files\Java\jdk-17\bin\jsvml.dll
0x00007ffb86bc0000 - 0x00007ffb8732e000 	C:\WINDOWS\System32\SHELL32.dll
0x00007ffb82c50000 - 0x00007ffb833f4000 	C:\WINDOWS\SYSTEM32\windows.storage.dll
0x00007ffb85e80000 - 0x00007ffb861d3000 	C:\WINDOWS\System32\combase.dll
0x00007ffb844e0000 - 0x00007ffb8450b000 	C:\WINDOWS\SYSTEM32\Wldp.dll
0x00007ffb866e0000 - 0x00007ffb867ad000 	C:\WINDOWS\System32\OLEAUT32.dll
0x00007ffb86200000 - 0x00007ffb862ad000 	C:\WINDOWS\System32\SHCORE.dll
0x00007ffb869b0000 - 0x00007ffb86a0b000 	C:\WINDOWS\System32\shlwapi.dll
0x00007ffb84b90000 - 0x00007ffb84bb4000 	C:\WINDOWS\SYSTEM32\profapi.dll
0x00007ffb7b870000 - 0x00007ffb7b888000 	C:\Program Files\Java\jdk-17\bin\zip.dll
0x00007ffb7d3b0000 - 0x00007ffb7d3c9000 	C:\Program Files\Java\jdk-17\bin\net.dll
0x00007ffb81db0000 - 0x00007ffb81eba000 	C:\WINDOWS\SYSTEM32\WINHTTP.dll
0x00007ffb842c0000 - 0x00007ffb8432a000 	C:\WINDOWS\system32\mswsock.dll
0x00007ffb7bbf0000 - 0x00007ffb7bc06000 	C:\Program Files\Java\jdk-17\bin\nio.dll
0x00007ffb7b830000 - 0x00007ffb7b84a000 	C:\Users\User\AppData\Local\Programs\IntelliJ IDEA Community Edition\bin\breakgen64.dll
0x00007ffb7b800000 - 0x00007ffb7b80a000 	C:\Program Files\Java\jdk-17\bin\management.dll
0x00007ffb7b7f0000 - 0x00007ffb7b7fb000 	C:\Program Files\Java\jdk-17\bin\management_ext.dll
0x00007ffb7d170000 - 0x00007ffb7d17d000 	C:\Program Files\Java\jdk-17\bin\sunmscapi.dll
0x00007ffb84ea0000 - 0x00007ffb84ffd000 	C:\WINDOWS\System32\CRYPT32.dll
0x00007ffb84550000 - 0x00007ffb84577000 	C:\WINDOWS\SYSTEM32\ncrypt.dll
0x00007ffb84510000 - 0x00007ffb8454b000 	C:\WINDOWS\SYSTEM32\NTASN1.dll
0x00007ffb84830000 - 0x00007ffb84848000 	C:\WINDOWS\SYSTEM32\CRYPTSP.dll
0x00007ffb83c00000 - 0x00007ffb83c38000 	C:\WINDOWS\system32\rsaenh.dll
0x00007ffb84b10000 - 0x00007ffb84b3e000 	C:\WINDOWS\SYSTEM32\USERENV.dll
0x00007ffb84450000 - 0x00007ffb8445c000 	C:\WINDOWS\SYSTEM32\CRYPTBASE.dll
0x00007ffb83fc0000 - 0x00007ffb83ffb000 	C:\WINDOWS\SYSTEM32\IPHLPAPI.DLL
0x00007ffb87460000 - 0x00007ffb87468000 	C:\WINDOWS\System32\NSI.dll
0x00007ffb7d540000 - 0x00007ffb7d557000 	C:\WINDOWS\SYSTEM32\dhcpcsvc6.DLL
0x00007ffb7d150000 - 0x00007ffb7d16d000 	C:\WINDOWS\SYSTEM32\dhcpcsvc.DLL
0x00007ffb84000000 - 0x00007ffb840ca000 	C:\WINDOWS\SYSTEM32\DNSAPI.dll
0x00007ffb79420000 - 0x00007ffb7942a000 	C:\Windows\System32\rasadhlp.dll
0x00007ffb78bc0000 - 0x00007ffb78c40000 	C:\WINDOWS\System32\fwpuclnt.dll

dbghelp: loaded successfully - version: 4.0.5 - missing functions: none
symbol engine: initialized successfully - sym options: 0x614 - pdb path: .;C:\Program Files\Java\jdk-17\bin;C:\WINDOWS\SYSTEM32;C:\WINDOWS\WinSxS\amd64_microsoft.windows.common-controls_6595b64144ccf1df_6.0.19041.5915_none_60b4b9d171f9c7c7;C:\Program Files\Java\jdk-17\bin\server;C:\Users\User\AppData\Local\Programs\IntelliJ IDEA Community Edition\bin

VM Arguments:
jvm_args: -javaagent:C:\Users\User\AppData\Local\Programs\IntelliJ IDEA Community Edition\lib\idea_rt.jar=51846:C:\Users\User\AppData\Local\Programs\IntelliJ IDEA Community Edition\bin -Dfile.encoding=UTF-8 
java_command: com.project.attendance.system.AttendanceSystemApplication
java_class_path (initial): C:\Program Files\Java\jdk-17\mysql-connector-j-8.0.33.jar;C:\mysql-connector-java-8.0.30.jar;C:\Users\User\Downloads\attendance system\attendance-system\target\classes;C:\Users\User\.m2\repository\org\springframework\boot\spring-boot-starter-data-jpa\3.5.7\spring-boot-starter-data-jpa-3.5.7.jar;C:\Users\User\.m2\repository\org\springframework\boot\spring-boot-starter\3.5.7\spring-boot-starter-3.5.7.jar;C:\Users\User\.m2\repository\org\springframework\boot\spring-boot-starter-logging\3.5.7\spring-boot-starter-logging-3.5.7.jar;C:\Users\User\.m2\repository\ch\qos\logback\logback-classic\1.5.20\logback-classic-1.5.20.jar;C:\Users\User\.m2\repository\ch\qos\logback\logback-core\1.5.20\logback-core-1.5.20.jar;C:\Users\User\.m2\repository\org\apache\logging\log4j\log4j-to-slf4j\2.24.3\log4j-to-slf4j-2.24.3.jar;C:\Users\User\.m2\repository\org\apache\logging\log4j\log4j-api\2.24.3\log4j-api-2.24.3.jar;C:\Users\User\.m2\repository\org\slf4j\jul-to-slf4j\2.0.17\jul-to-slf4j-2.0.17.jar;C:\Users\User\.m2\repository\jakarta\annotation\jakarta.annotation-api\2.1.1\jakarta.annotation-api-2.1.1.jar;C:\Users\User\.m2\repository\org\yaml\snakeyaml\2.4\snakeyaml-2.4.jar;C:\Users\User\.m2\repository\org\springframework\boot\spring-boot-starter-jdbc\3.5.7\spring-boot-starter-jdbc-3.5.7.jar;C:\Users\User\.m2\repository\com\zaxxer\HikariCP\6.3.3\HikariCP-6.3.3.jar;C:\Users\User\.m2\repository\org\springframework\spring-jdbc\6.2.12\spring-jdbc-6.2.12.jar;C:\Users\User\.m2\repository\org\hibernate\orm\hibernate-core\6.6.33.Final\hibernate-core-6.6.33.Final.jar;C:\Users\User\.m2\repository\jakarta\persistence\jakarta.persistence-api\3.1.0\jakarta.persistence-api-3.1.0.jar;C:\Users\User\.m2\repository\jakarta\transaction\jakarta.transaction-api\2.0.1\jakarta.transaction-api-2.0.1.jar;C:\Users\User\.m2\repository\org\jboss\logging\jboss-logging\3.6.1.Final\jboss-logging-3.6.1.Final.jar;C:\Users\User\.m2\repository\org\hibernate\common\hibernate-commons-annotations
Launcher Type: SUN_STANDARD

[Global flags]
     intx CICompilerCount                          = 4                                         {product} {ergonomic}
     uint ConcGCThreads                            = 2                                         {product} {ergonomic}
     uint G1ConcRefinementThreads                  = 8                                         {product} {ergonomic}
   size_t G1HeapRegionSize                         = 1048576                                   {product} {ergonomic}
    uintx GCDrainStackTargetSize                   = 64                                        {product} {ergonomic}
   size_t InitialHeapSize                          = 127926272                                 {product} {ergonomic}
   size_t MarkStackSize                            = 4194304                                   {product} {ergonomic}
   size_t MaxHeapSize                              = 2044723200                                {product} {ergonomic}
   size_t MaxNewSize                               = 1226833920                                {product} {ergonomic}
   size_t MinHeapDeltaBytes                        = 1048576                                   {product} {ergonomic}
   size_t MinHeapSize                              = 8388608                                   {product} {ergonomic}
    uintx NonNMethodCodeHeapSize                   = 5839372                                {pd product} {ergonomic}
    uintx NonProfiledCodeHeapSize                  = 122909434                              {pd product} {ergonomic}
    uintx ProfiledCodeHeapSize                     = 122909434                              {pd product} {ergonomic}
    uintx ReservedCodeCacheSize                    = 251658240                              {pd product} {ergonomic}
     bool SegmentedCodeCache                       = true                                      {product} {ergonomic}
   size_t SoftMaxHeapSize                          = 2044723200                             {manageable} {ergonomic}
     bool UseCompressedClassPointers               = true                           {product lp64_product} {ergonomic}
     bool UseCompressedOops                        = true                           {product lp64_product} {ergonomic}
     bool UseG1GC                                  = true                                      {product} {ergonomic}
     bool UseLargePagesIndividualAllocation        = false                                  {pd product} {ergonomic}

Logging:
Log output configuration:
 #0: stdout all=warning uptime,level,tags
 #1: stderr all=off uptime,level,tags

Environment Variables:
JAVA_HOME=C:\Program Files\Java\jdk-17
PATH=C:\Users\User\.jdks\ms-21.0.9\bin;%PATH%;C:\Program Files\MySQL\MySQL Shell 8.0\bin\;C:\Users\User\AppData\Local\Microsoft\WindowsApps;C:\Users\User\AppData\Local\JetBrains\Toolbox\scripts;%USERPROFILE%\AppData\Local\Microsoft\WindowsApps
USERNAME=User
OS=Windows_NT
PROCESSOR_IDENTIFIER=Intel64 Family 6 Model 142 Stepping 10, GenuineIntel



---------------  S Y S T E M  ---------------

OS:
 Windows 10 , 64 bit Build 19041 (10.0.19041.5915)
OS uptime: 20 days 16:53 hours
Hyper-V role detected

CPU: total 8 (initial active 8) (4 cores per cpu, 2 threads per core) family 6 model 142 stepping 10 microcode 0xb4, cx8, cmov, fxsr, ht, mmx, 3dnowpref, sse, sse2, sse3, ssse3, sse4.1, sse4.2, popcnt, lzcnt, tsc, tscinvbit, avx, avx2, aes, erms, clmul, bmi1, bmi2, rtm, adx, fma, vzeroupper, clflush, clflushopt, hv

Memory: 4k page, system-wide physical 7798M (403M free)
TotalPageFile size 31350M (AvailPageFile size 15M)
current process WorkingSet (physical memory assigned to process): 236M, peak: 262M
current process commit charge ("private bytes"): 281M, peak: 300M

vm_info: Java HotSpot(TM) 64-Bit Server VM (17.0.6+9-LTS-190) for windows-amd64 JRE (17.0.6+9-LTS-190), built on Dec  6 2022 15:53:54 by "mach5one" with MS VC++ 17.1 (VS2022)

END.
